// Jest Snapshot v1, https://goo.gl/fbAQLP

exports[`<Impressum/> should render 1`] = `
<div>
  <div
    class="page"
  >
    <header
      class="fixed top-0 w-full bg-blue text-white"
    >
      <div
        class="md:container px-4 my-4 fade-in flex flex-col md:flex-row"
      >
        <a
          class="flex items-center transition ease-in-out delay-150 flex-grow"
          href="/"
        >
          <img
            alt="Letter logo"
            data-nimg="1"
            decoding="async"
            height="35"
            loading="lazy"
            src="/logo.svg"
            style="color: transparent;"
            width="50"
          />
          <div
            class="text-2xl ml-2 text-white"
          >
            Letter App
          </div>
        </a>
        <ul
          class="flex md:pl-1 pt-1 md:pt-1.5 "
        >
          <li
            class="mr-2"
          >
            <a
              href="/#details"
            >
              Details
            </a>
          </li>
          <li
            class="mr-2"
          >
            <a
              href="/#features"
            >
              Features
            </a>
          </li>
          <li
            class="mr-2"
          >
            <a
              href="/#contact"
            >
              Contact
            </a>
          </li>
          <li>
            <a
              class="pr-1"
              href="/en"
            >
              en
            </a>
          </li>
          <li>
            |
          </li>
          <li>
            <a
              class="pl-1"
              href="/de"
            >
              de
            </a>
          </li>
        </ul>
      </div>
    </header>
    <div
      class="section"
    >
      <div
        class="prose proese-briefe md:container px-4"
      >
        <h1>
          Impressum
        </h1>
        <h2>
          Kontaktadresse
        </h2>
        <p>
          Übelacker Solutions GmbH
          <br />
          Bläsiring 28
          <br />
          4057 Basel
          <br />
          Schweiz
        </p>
        <p>
          E-Mail: support@briefe.app
          <br />
          Webseite: briefe.app
        </p>
        <h2>
          Vertretungsberechtigte Person(en)
        </h2>
        <p>
          David Übelacker
        </p>
        <h2>
          Handelsregister-Eintrag
        </h2>
        <h3>
          Eingetragener Firmenname:
        </h3>
        <p>
          Übelacker Solutions GmbH
        </p>
        <h3>
          Unternehmens-Nr (UID):
        </h3>
        <p>
          CHE-175.183.669
        </p>
        <h3>
          Mehrwertsteuer-Nummer
        </h3>
        <p>
          CHE-175.183.669 MWST
        </p>
        <h2>
          Haftungsausschluss
        </h2>
        <p>
          Der Autor übernimmt keinerlei Gewähr hinsichtlich der inhaltlichen Richtigkeit, Genauigkeit, Aktualität, Zuverlässigkeit und Vollständigkeit der Informationen.
        </p>
        <p>
          Haftungsansprüche gegen den Autor wegen Schäden materieller oder immaterieller Art, welche aus dem Zugriff oder der Nutzung bzw. Nichtnutzung der veröffentlichten Informationen, durch Missbrauch der Verbindung oder durch technische Störungen entstanden sind, werden ausgeschlossen.
        </p>
        <p>
          Alle Angebote sind unverbindlich. Der Autor behält es sich ausdrücklich vor, Teile der Seiten oder das gesamte Angebot ohne besondere Ankündigung zu verändern, zu ergänzen, zu löschen oder die Veröffentlichung zeitweise oder endgültig einzustellen.
        </p>
        <h3>
          Haftungsausschluss für Links
        </h3>
        <p>
          Verweise und Links auf Webseiten Dritter liegen ausserhalb unseres Verantwortungsbereichs. Es wird jegliche Verantwortung für solche Webseiten abgelehnt. Der Zugriff und die Nutzung solcher Webseiten erfolgen auf eigene Gefahr des jeweiligen Nutzers.
        </p>
        <h3>
          Urheberrechte
        </h3>
        <p>
          Die Urheber- und alle anderen Rechte an Inhalten, Bildern, Fotos oder anderen Dateien auf dieser Website, gehören ausschliesslich der Firma Übelacker Solutions GmbH oder den speziell genannten Rechteinhabern. Für die Reproduktion jeglicher Elemente ist die schriftliche Zustimmung des Urheberrechtsträgers im Voraus einzuholen.
        </p>
      </div>
    </div>
    <footer
      class="md:container mt-20 mb-20 text-center"
    >
      <div
        class="mb-2 px-4 my-4"
      >
        ©
         
        2023
         
        Übelacker Solutions GmbH
        <br />
        <a
          href="/en/imprint"
        >
          Imprint
        </a>
         
        |
         
        <a
          href="/en/privacy"
        >
          Privacy Policy
        </a>
      </div>
    </footer>
  </div>
</div>
`;
