// Jest Snapshot v1, https://goo.gl/fbAQLP

exports[`<Impressum/> should render 1`] = `
<div>
  <div
    class="page"
  >
    <header
      class="fixed top-0 w-full bg-blue text-white"
    >
      <div
        class="md:container px-4 my-4 fade-in flex flex-col md:flex-row"
      >
        <a
          class="flex items-center transition ease-in-out delay-150 flex-grow"
          href="/"
        >
          <img
            alt="Letter logo"
            data-nimg="1"
            decoding="async"
            height="35"
            loading="lazy"
            src="/logo.svg"
            style="color: transparent;"
            width="50"
          />
          <div
            class="text-2xl ml-2 text-white"
          >
            Letter App
          </div>
        </a>
        <ul
          class="flex md:pl-1 pt-1 md:pt-1.5 "
        >
          <li
            class="mr-2"
          >
            <a
              href="/undefined/#details"
            >
              Details
            </a>
          </li>
          <li
            class="mr-2"
          >
            <a
              href="/undefined/#features"
            >
              Features
            </a>
          </li>
          <li
            class="mr-2"
          >
            <a
              href="/undefined/#contact"
            >
              Contact
            </a>
          </li>
          <li
            class="mr-2"
          >
            <a
              href="/undefined/faq"
            >
              FAQ
            </a>
          </li>
          <li>
            |
          </li>
          <li>
            <div
              class="relative"
            >
              <button
                aria-expanded="false"
                aria-haspopup="listbox"
                class="relative w-full cursor-default pl-3 pr-10 text-left w-40"
                data-headlessui-state=""
                id="headlessui-listbox-button-:r0:"
                type="button"
              >
                <span
                  class="pointer-events-none absolute inset-y-0 left-1 flex items-center pr-2"
                >
                  <svg
                    aria-hidden="true"
                    class="h-5 w-5 text-gray-400"
                    fill="currentColor"
                    viewBox="0 0 20 20"
                    xmlns="http://www.w3.org/2000/svg"
                  >
                    <path
                      d="M16.555 5.412a8.028 8.028 0 00-3.503-2.81 14.899 14.899 0 011.663 4.472 8.547 8.547 0 001.84-1.662zM13.326 7.825a13.43 13.43 0 00-2.413-5.773 8.087 8.087 0 00-1.826 0 13.43 13.43 0 00-2.413 5.773A8.473 8.473 0 0010 8.5c1.18 0 2.304-.24 3.326-.675zM6.514 9.376A9.98 9.98 0 0010 10c1.226 0 2.4-.22 3.486-.624a13.54 13.54 0 01-.351 3.759A13.54 13.54 0 0110 13.5c-1.079 0-2.128-.127-3.134-.366a13.538 13.538 0 01-.352-3.758zM5.285 7.074a14.9 14.9 0 011.663-4.471 8.028 8.028 0 00-3.503 2.81c.529.638 1.149 1.199 1.84 1.66zM17.334 6.798a7.973 7.973 0 01.614 4.115 13.47 13.47 0 01-3.178 1.72 15.093 15.093 0 00.174-3.939 10.043 10.043 0 002.39-1.896zM2.666 6.798a10.042 10.042 0 002.39 1.896 15.196 15.196 0 00.174 3.94 13.472 13.472 0 01-3.178-1.72 7.973 7.973 0 01.615-4.115zM10 15c.898 0 1.778-.079 2.633-.23a13.473 13.473 0 01-1.72 3.178 8.099 8.099 0 01-1.826 0 13.47 13.47 0 01-1.72-3.178c.855.151 1.735.23 2.633.23zM14.357 14.357a14.912 14.912 0 01-1.305 3.04 8.027 8.027 0 004.345-4.345c-.953.542-1.971.981-3.04 1.305zM6.948 17.397a8.027 8.027 0 01-4.345-4.345c.953.542 1.971.981 3.04 1.305a14.912 14.912 0 001.305 3.04z"
                    />
                  </svg>
                </span>
                <span
                  class="block truncate pl-4"
                >
                  English
                </span>
                <span
                  class="pointer-events-none absolute inset-y-0 right-0 flex items-center pr-2"
                >
                  <svg
                    aria-hidden="true"
                    class="h-5 w-5 text-gray-400"
                    fill="currentColor"
                    viewBox="0 0 20 20"
                    xmlns="http://www.w3.org/2000/svg"
                  >
                    <path
                      clip-rule="evenodd"
                      d="M10 3a.75.75 0 01.55.24l3.25 3.5a.75.75 0 11-1.1 1.02L10 4.852 7.3 7.76a.75.75 0 01-1.1-1.02l3.25-3.5A.75.75 0 0110 3zm-3.76 9.2a.75.75 0 011.06.04l2.7 2.908 2.7-2.908a.75.75 0 111.1 1.02l-3.25 3.5a.75.75 0 01-1.1 0l-3.25-3.5a.75.75 0 01.04-1.06z"
                      fill-rule="evenodd"
                    />
                  </svg>
                </span>
              </button>
            </div>
          </li>
        </ul>
      </div>
    </header>
    <div
      class="section"
    >
      <div
        class="prose proese-briefe md:container px-4"
      >
        <h1>
          Impressum
        </h1>
        <h2>
          Kontaktadresse
        </h2>
        <p>
          Übelacker Solutions GmbH
          <br />
          Bläsiring 28
          <br />
          4057 Basel
          <br />
          Schweiz
        </p>
        <p>
          E-Mail: support@briefe.app
          <br />
          Webseite: briefe.app
        </p>
        <h2>
          Vertretungsberechtigte Person(en)
        </h2>
        <p>
          David Übelacker
        </p>
        <h2>
          Handelsregister-Eintrag
        </h2>
        <h3>
          Eingetragener Firmenname:
        </h3>
        <p>
          Übelacker Solutions GmbH
        </p>
        <h3>
          Unternehmens-Nr (UID):
        </h3>
        <p>
          CHE-175.183.669
        </p>
        <h3>
          Mehrwertsteuer-Nummer
        </h3>
        <p>
          CHE-175.183.669 MWST
        </p>
        <h2>
          Haftungsausschluss
        </h2>
        <p>
          Der Autor übernimmt keinerlei Gewähr hinsichtlich der inhaltlichen Richtigkeit, Genauigkeit, Aktualität, Zuverlässigkeit und Vollständigkeit der Informationen.
        </p>
        <p>
          Haftungsansprüche gegen den Autor wegen Schäden materieller oder immaterieller Art, welche aus dem Zugriff oder der Nutzung bzw. Nichtnutzung der veröffentlichten Informationen, durch Missbrauch der Verbindung oder durch technische Störungen entstanden sind, werden ausgeschlossen.
        </p>
        <p>
          Alle Angebote sind unverbindlich. Der Autor behält es sich ausdrücklich vor, Teile der Seiten oder das gesamte Angebot ohne besondere Ankündigung zu verändern, zu ergänzen, zu löschen oder die Veröffentlichung zeitweise oder endgültig einzustellen.
        </p>
        <h3>
          Haftungsausschluss für Links
        </h3>
        <p>
          Verweise und Links auf Webseiten Dritter liegen ausserhalb unseres Verantwortungsbereichs. Es wird jegliche Verantwortung für solche Webseiten abgelehnt. Der Zugriff und die Nutzung solcher Webseiten erfolgen auf eigene Gefahr des jeweiligen Nutzers.
        </p>
        <h3>
          Urheberrechte
        </h3>
        <p>
          Die Urheber- und alle anderen Rechte an Inhalten, Bildern, Fotos oder anderen Dateien auf dieser Website, gehören ausschliesslich der Firma Übelacker Solutions GmbH oder den speziell genannten Rechteinhabern. Für die Reproduktion jeglicher Elemente ist die schriftliche Zustimmung des Urheberrechtsträgers im Voraus einzuholen.
        </p>
      </div>
    </div>
    <footer
      class="md:container mt-20 mb-20 text-center"
    >
      <div
        class="mb-2 px-4 my-4"
      >
        ©
         
        2023
         
        Übelacker Solutions GmbH
        <br />
        <a
          href="/en/imprint"
        >
          Imprint
        </a>
         
        |
         
        <a
          href="/en/privacy"
        >
          Privacy Policy
        </a>
      </div>
    </footer>
  </div>
</div>
`;
