// Jest Snapshot v1, https://goo.gl/fbAQLP

exports[`<Home/> should render 1`] = `
<div>
  <div
    class="page"
  >
    <header
      class="fixed top-0 w-full bg-blue text-white"
    >
      <div
        class="md:container px-4 my-4 fade-in flex flex-col md:flex-row"
      >
        <a
          class="flex items-center transition ease-in-out delay-150 flex-grow"
          href="/"
        >
          <img
            alt="Letter logo"
            data-nimg="1"
            decoding="async"
            height="35"
            loading="lazy"
            src="/logo.svg"
            style="color: transparent;"
            width="50"
          />
          <div
            class="text-2xl ml-2 text-white"
          >
            Letter App
          </div>
        </a>
        <ul
          class="flex md:pl-1 pt-1 md:pt-1.5 "
        >
          <li
            class="mr-2"
          >
            <a
              href="/#details"
            >
              Details
            </a>
          </li>
          <li
            class="mr-2"
          >
            <a
              href="/#features"
            >
              Features
            </a>
          </li>
          <li
            class="mr-2"
          >
            <a
              href="/#contact"
            >
              Contact
            </a>
          </li>
          <li>
            |
          </li>
          <li>
            <div
              class="relative"
            >
              <button
                aria-expanded="false"
                aria-haspopup="listbox"
                class="relative w-full cursor-default pl-3 pr-10 text-left w-40"
                data-headlessui-state=""
                id="headlessui-listbox-button-:r0:"
                type="button"
              >
                <span
                  class="pointer-events-none absolute inset-y-0 left-1 flex items-center pr-2"
                >
                  <svg
                    aria-hidden="true"
                    class="h-5 w-5 text-gray-400"
                    fill="currentColor"
                    viewBox="0 0 20 20"
                    xmlns="http://www.w3.org/2000/svg"
                  >
                    <path
                      d="M16.555 5.412a8.028 8.028 0 00-3.503-2.81 14.899 14.899 0 011.663 4.472 8.547 8.547 0 001.84-1.662zM13.326 7.825a13.43 13.43 0 00-2.413-5.773 8.087 8.087 0 00-1.826 0 13.43 13.43 0 00-2.413 5.773A8.473 8.473 0 0010 8.5c1.18 0 2.304-.24 3.326-.675zM6.514 9.376A9.98 9.98 0 0010 10c1.226 0 2.4-.22 3.486-.624a13.54 13.54 0 01-.351 3.759A13.54 13.54 0 0110 13.5c-1.079 0-2.128-.127-3.134-.366a13.538 13.538 0 01-.352-3.758zM5.285 7.074a14.9 14.9 0 011.663-4.471 8.028 8.028 0 00-3.503 2.81c.529.638 1.149 1.199 1.84 1.66zM17.334 6.798a7.973 7.973 0 01.614 4.115 13.47 13.47 0 01-3.178 1.72 15.093 15.093 0 00.174-3.939 10.043 10.043 0 002.39-1.896zM2.666 6.798a10.042 10.042 0 002.39 1.896 15.196 15.196 0 00.174 3.94 13.472 13.472 0 01-3.178-1.72 7.973 7.973 0 01.615-4.115zM10 15c.898 0 1.778-.079 2.633-.23a13.473 13.473 0 01-1.72 3.178 8.099 8.099 0 01-1.826 0 13.47 13.47 0 01-1.72-3.178c.855.151 1.735.23 2.633.23zM14.357 14.357a14.912 14.912 0 01-1.305 3.04 8.027 8.027 0 004.345-4.345c-.953.542-1.971.981-3.04 1.305zM6.948 17.397a8.027 8.027 0 01-4.345-4.345c.953.542 1.971.981 3.04 1.305a14.912 14.912 0 001.305 3.04z"
                    />
                  </svg>
                </span>
                <span
                  class="block truncate pl-4"
                >
                  English
                </span>
                <span
                  class="pointer-events-none absolute inset-y-0 right-0 flex items-center pr-2"
                >
                  <svg
                    aria-hidden="true"
                    class="h-5 w-5 text-gray-400"
                    fill="currentColor"
                    viewBox="0 0 20 20"
                    xmlns="http://www.w3.org/2000/svg"
                  >
                    <path
                      clip-rule="evenodd"
                      d="M10 3a.75.75 0 01.55.24l3.25 3.5a.75.75 0 11-1.1 1.02L10 4.852 7.3 7.76a.75.75 0 01-1.1-1.02l3.25-3.5A.75.75 0 0110 3zm-3.76 9.2a.75.75 0 011.06.04l2.7 2.908 2.7-2.908a.75.75 0 111.1 1.02l-3.25 3.5a.75.75 0 01-1.1 0l-3.25-3.5a.75.75 0 01.04-1.06z"
                      fill-rule="evenodd"
                    />
                  </svg>
                </span>
              </button>
            </div>
          </li>
        </ul>
      </div>
    </header>
    <div
      class="grid place-items-center first bg-blue text-white section"
    >
      <div
        class="grid place-items-center md:container px-4"
      >
        <img
          alt="Letter app"
          data-nimg="1"
          decoding="async"
          height="605"
          loading="lazy"
          src="/devices_en.png"
          style="color: transparent;"
          width="992"
        />
        <a
          href="http://itunes.apple.com/app/letter/id498506154"
        >
          <img
            alt="App Store"
            class="mt-5"
            data-nimg="1"
            decoding="async"
            height="50"
            loading="lazy"
            src="/app_store_en.svg"
            style="color: transparent;"
            width="150"
          />
        </a>
        <div
          class="p-3 md:w-4/5 pt-10"
        >
          <div
            class="text-xl md:text-3xl mb-4"
          >
            C
          </div>
        </div>
      </div>
    </div>
    <button
      aria-label="Scroll down"
      class="scroll-button"
      type="button"
    />
    <div
      class="section"
    >
      <div
        class="md:container px-4"
      >
        <div
          class="flex"
        >
          <div
            class="prose proese-briefe"
          >
            <h1
              class="text-2xl pt-5 mb-6"
              id="details"
            >
              Details
            </h1>
            <p>
              Even in an era defined by digital communication and instant connectivity, traditional letters remain an indispensable form of correspondence. Why? Because they represent a timeless and authentic mode of exchange. Whether you are sending personal or business messages, letters convey a depth and significance that is often lost in emails or text messages. They are an expression of care and attention, leaving a lasting impression. Our letter app was designed to blend this timeless tradition with modern convenience, allowing you to create, share, and preserve professional letters in a digital world.
            </p>
            <p>
              The Letter App allows you to quickly and effortlessly create and print professionally formatted letters on iPhone, iPad and Mac. Your letters will have an appealing layout that leaves a professional impression. With a simple click, you can print your letters directly from the app. You also have the option to share your letters digitally or export them as PDF files to distribute them on various platforms. The app syncs seamlessly across your devices through iCloud, allowing you to access your letters anytime and anywhere. Thanks to the straightforward search function, you can easily retrieve previously composed letters.
            </p>
            <p>
              In the Pro version, you'll have access to additional features, such as adding personal signatures directly within the app, effortlessly incorporating contact addresses from your address book, and utilizing a wide range of templates for various occasions. You can customize settings to adapt the format of your letters to your specific needs. The Letter App simplifies your correspondence, enabling you to create, share, and print letters with ease, all while maintaining style and user-friendliness.
            </p>
          </div>
          <div
            class="pt-32 ml-20 hidden lg:inline"
          >
            <img
              alt="Letter app"
              data-nimg="1"
              decoding="async"
              height="450"
              loading="lazy"
              src="/details_en.png"
              style="color: transparent;"
              width="225.5"
            />
          </div>
        </div>
      </div>
      <div
        class="md:container px-4"
      >
        <h1
          class="text-2xl pt-5 mb-6"
          id="features"
        >
          Features
        </h1>
        <p>
          To give you a comprehensive overview, we have listed all the features in detail, according to their availability in the different app versions. This way, you can easily see which features each version of the app offers.
        </p>
        <div
          class="flex flex-wrap md:flex-nowrap mt-5"
        >
          <div
            class="grow mt-5 md:mr-5"
          >
            <h3
              class="text-xl font-bold mb-5"
            >
              Features
            </h3>
            <div
              class="flex mb-5"
            >
              <div
                class="text-4xl mr-5 w-16 pt-2 pl-1"
              >
                <i
                  class="fa fa-align-justify"
                />
              </div>
              <div
                class="w-full"
              >
                <div
                  class="text-lg font-bold"
                >
                  Auto Format
                </div>
                <div
                  class="text-lg"
                >
                  Letters are automatically formatted in a professional manner
                </div>
              </div>
            </div>
            <div
              class="flex mb-5"
            >
              <div
                class="text-4xl mr-5 w-16 pt-2 pl-1"
              >
                <i
                  class="fa fa-print"
                />
              </div>
              <div
                class="w-full"
              >
                <div
                  class="text-lg font-bold"
                >
                  Print
                </div>
                <div
                  class="text-lg"
                >
                  Easily print your letters directly from the app
                </div>
              </div>
            </div>
            <div
              class="flex mb-5"
            >
              <div
                class="text-4xl mr-5 w-16 pt-2 pl-1"
              >
                <i
                  class="fa fa-arrow-up-right-from-square"
                />
              </div>
              <div
                class="w-full"
              >
                <div
                  class="text-lg font-bold"
                >
                  Share & Export
                </div>
                <div
                  class="text-lg"
                >
                  Share your letters digitally or export them as PDF files
                </div>
              </div>
            </div>
            <div
              class="flex mb-5"
            >
              <div
                class="text-4xl mr-5 w-16 pt-2 pl-1"
              >
                <i
                  class="fa fa-magnifying-glass"
                />
              </div>
              <div
                class="w-full"
              >
                <div
                  class="text-lg font-bold"
                >
                  Search
                </div>
                <div
                  class="text-lg"
                >
                  The search function makes it easy to find letters quickly and conveniently
                </div>
              </div>
            </div>
            <div
              class="flex mb-5"
            >
              <div
                class="text-4xl mr-5 w-16 pt-2 pl-1"
              >
                <i
                  class="fa fa-cloud"
                />
              </div>
              <div
                class="w-full"
              >
                <div
                  class="text-lg font-bold"
                >
                  Storage
                </div>
                <div
                  class="text-lg"
                >
                  Your letters are synchronized across devices using iCloud
                </div>
              </div>
            </div>
          </div>
          <div
            class="grow mt-5 md:ml-5"
          >
            <h3
              class="text-xl font-bold mb-5"
            >
              PRO Features
            </h3>
            <div
              class="flex mb-5"
            >
              <div
                class="text-4xl mr-5 w-16 pt-2 pl-1"
              >
                <i
                  class="fa fa-signature"
                />
              </div>
              <div
                class="w-full"
              >
                <div
                  class="text-lg font-bold"
                >
                  Signatures
                </div>
                <div
                  class="text-lg"
                >
                  Add personal signatures directly within the app
                </div>
              </div>
            </div>
            <div
              class="flex mb-5"
            >
              <div
                class="text-4xl mr-5 w-16 pt-2 pl-1"
              >
                <i
                  class="fa fa-address-card"
                />
              </div>
              <div
                class="w-full"
              >
                <div
                  class="text-lg font-bold"
                >
                  Sender
                </div>
                <div
                  class="text-lg"
                >
                  Enter your sender information once
                </div>
              </div>
            </div>
            <div
              class="flex mb-5"
            >
              <div
                class="text-4xl mr-5 w-16 pt-2 pl-1"
              >
                <i
                  class="fa fa-address-book"
                />
              </div>
              <div
                class="w-full"
              >
                <div
                  class="text-lg font-bold"
                >
                  Contacts
                </div>
                <div
                  class="text-lg"
                >
                  Easily incorporate contact addresses from your address book
                </div>
              </div>
            </div>
            <div
              class="flex mb-5"
            >
              <div
                class="text-4xl mr-5 w-16 pt-2 pl-1"
              >
                <i
                  class="fa fa-file-lines"
                />
              </div>
              <div
                class="w-full"
              >
                <div
                  class="text-lg font-bold"
                >
                  Templates
                </div>
                <div
                  class="text-lg"
                >
                  Utilize a wide range of templates for various occasions
                </div>
              </div>
            </div>
            <div
              class="flex mb-5"
            >
              <div
                class="text-4xl mr-5 w-16 pt-2 pl-1"
              >
                <i
                  class="fa fa-gear"
                />
              </div>
              <div
                class="w-full"
              >
                <div
                  class="text-lg font-bold"
                >
                  Layout
                </div>
                <div
                  class="text-lg"
                >
                  Customize the layout of your letters to your specific needs
                </div>
              </div>
            </div>
          </div>
        </div>
        <div
          class="grid place-items-center mt-5"
        >
          <a
            href="http://itunes.apple.com/app/letter/id498506154"
          >
            <img
              alt="App Store"
              class="mt-5"
              data-nimg="1"
              decoding="async"
              height="50"
              loading="lazy"
              src="/app_store_en.svg"
              style="color: transparent;"
              width="150"
            />
          </a>
        </div>
      </div>
      <div
        class="md:container px-4"
      >
        <div
          class="flex flex-col items-center"
        >
          <div
            class="w-full md:w-9/12"
          >
            <h1
              class="text-2xl pt-5 mb-6"
              id="contact"
            >
              Contact
            </h1>
            <div
              class="lazyload-wrapper "
            >
              <div
                class="lazyload-placeholder"
              />
            </div>
          </div>
        </div>
      </div>
    </div>
    <footer
      class="md:container mt-20 mb-20 text-center"
    >
      <div
        class="mb-2 px-4 my-4"
      >
        ©
         
        2023
         
        Übelacker Solutions GmbH
        <br />
        <a
          href="/en/imprint"
        >
          Imprint
        </a>
         
        |
         
        <a
          href="/en/privacy"
        >
          Privacy Policy
        </a>
      </div>
    </footer>
  </div>
</div>
`;
